max hp:726004
max sp:880
jump times
	sqrt_sub.2644 :	30233933
	eq_else.9248 :	29496520
	fispos.2624 :	23143549
	fless.2630 :	12050521
	eq_else.9241 :	10039236
	fabs.2640 :	8512508
	o_form.2781 :	7696207
	d_vec.2840 :	7494151
	eq_else.9244 :	5959457
	fsqr.2638 :	5811296
	d_const.2842 :	5253543
	o_param_a.2789 :	4940637
	o_isinvert.2785 :	4889003
	solve_each_element_fast.3025 :	4575663
	o_param_b.2791 :	4270395
	o_param_ctbl.2819 :	4040182
	solver_fast2.2954 :	3857908
	fiszero.2628 :	3681492
	eq_else.9243 :	3681490
	eq_else.9484 :	3488171
	solve_one_or_network_fast.3029 :	3446015
	eq_else.9247 :	3198759
	o_param_c.2793 :	3155257
	eq_else.9495 :	2848088
	o_param_z.2801 :	2708908
	o_param_x.2797 :	2708908
	o_param_y.2799 :	2677310
	eq_cont.9351 :	2327754
	eq_cont.9351 :	2327754
	eq_cont.9351 :	2327754
	solver_rect_fast.2917 :	2327754
	eq_else.9393 :	2205674
	eq_cont.9358 :	1915977
	eq_cont.9358 :	1915977
	eq_cont.9358 :	1915977
	eq_else.9394 :	1801288
	solver_second_fast2.2947 :	1801288
	fisneg.2626 :	1621418
	eq_else.9486 :	1419753
	solver_fast.2936 :	1385401
	shadow_check_and_group.3002 :	1372707
	check_all_inside.2996 :	1350173
	eq_cont.9365 :	1307193
	eq_cont.9365 :	1307193
	eq_cont.9365 :	1307193
	shadow_check_one_or_group.3005 :	1264416
	eq_cont.9490 :	1173463
	eq_cont.9490 :	1173463
	eq_cont.9490 :	1173463
	o_isrot.2787 :	1171829
	eq_else.9441 :	1168548
	trace_or_matrix_fast.3033 :	1109211
	quadratic.2894 :	1102405
	eq_else.9448 :	1059987
	eq_else.9439 :	1020774
	is_outside.2991 :	1020774
	eq_else.9357 :	899725
	eq_else.9242 :	811589
	eq_else.9497 :	739474
	sqrt.2648 :	737413
	eq_else.9383 :	709881
	xor.2633 :	668886
	fneg.2642 :	665861
	eq_cont.9444 :	649088
	eq_else.9350 :	642248
	eq_else.9437 :	609205
	eq_else.9363 :	608784
	eq_else.9359 :	608784
	shadow_check_one_or_matrix.3008 :	573743
	eq_else.9389 :	567548
	veciprod.2754 :	562093
	eq_else.9384 :	526852
	eq_cont.9378 :	526852
	solver_second_fast.2930 :	526852
	eq_else.9443 :	519460
	eq_cont.9500 :	511284
	eq_cont.9500 :	511284
	eq_cont.9500 :	511284
	eq_else.9489 :	454278
	eq_else.9438 :	436457
	eq_cont.9434 :	436457
	is_second_outside.2986 :	436457
	eq_cont.9391 :	424042
	eq_else.9356 :	411777
	eq_else.9352 :	411777
	is_rect_outside.2976 :	411569
	solver_surface_fast2.2940 :	404386
	eq_else.9450 :	395887
	eq_else.9491 :	384877
	iter_trace_diffuse_rays.3069 :	371185
	eq_else.9506 :	369737
	judge_intersection_fast.3037 :	369737
	eq_else.9499 :	369737
	trace_diffuse_ray.3066 :	365100
	eq_cont.9452 :	358068
	eq_cont.9452 :	358068
	eq_cont.9452 :	358068
	eq_cont.9452 :	358068
	eq_else.9424 :	326619
	eq_else.9245 :	319498
	eq_else.9364 :	310124
	eq_else.9487 :	307822
	eq_else.9426 :	307386
	eq_else.9435 :	306702
	eq_else.9428 :	301345
	vecset.2733 :	253184
	eq_else.9440 :	250445
	o_param_abc.2795 :	249233
	eq_else.9493 :	246290
	eq_else.9503 :	228190
	eq_else.9501 :	228190
	eq_else.9459 :	216853
	eq_else.9451 :	216853
	utexture.3048 :	214271
	get_nvector.3045 :	214271
	o_color_blue.2811 :	214271
	o_color_green.2809 :	214271
	o_color_red.2807 :	214271
	o_texturetype.2779 :	214271
	eq_else.9572 :	209634
	eq_else.9446 :	203487
	veciprod2.2757 :	198482
	setup_startp_constants.2971 :	192996
	eq_else.9385 :	191546
	eq_cont.9581 :	190674
	eq_else.9445 :	186049
	solver_surface_fast.2924 :	183029
	eq_else.9514 :	182673
	vecaccum.2762 :	182255
	o_diffuse.2803 :	182015
	eq_else.9527 :	181762
	eq_else.9525 :	181762
	eq_else.9523 :	181762
	eq_else.9372 :	179034
	eq_else.9580 :	174426
	eq_else.9512 :	174065
	is_plane_outside.2981 :	172748
	eq_else.9576 :	170626
	eq_else.9431 :	162282
	eq_else.9416 :	160830
	eq_else.9370 :	159330
	eq_else.9366 :	159330
	eq_else.9390 :	143506
	get_nvector_plane.3041 :	128649
	eq_else.9379 :	116268
	eq_cont.9425 :	104183
	eq_cont.9425 :	104183
	pow.2664 :	102231
	eq_cont.9421 :	96498
	eq_cont.9421 :	96498
	eq_else.9418 :	96498
	eq_cont.9381 :	92067
	eq_else.9255 :	87474
	eq_cont.9417 :	85776
	eq_cont.9417 :	85776
	eq_else.9449 :	76816
	eq_else.9447 :	76816
	min_caml_int_of_float_kernel :	75484
	int_of_float.2658 :	75484
	eq_else.9251 :	75484
	int_of_float_sub.2656 :	75484
	create_float_array_cont :	67832
	create_float_array_loop :	67832
	min_caml_float_of_int_kernel :	67467
	float_of_int.2654 :	67467
	eq_else.9249 :	67467
	float_of_int_sub.2652 :	67467
	eq_else.9453 :	66884
	eq_else.9455 :	64392
	floor.2662 :	63196
	eq_else.9253 :	63196
	floor_sub.2660 :	63196
	fneg_cond.2727 :	59681
	eq_else.9252 :	55619
	eq_else.9250 :	54424
	eq_cont.9282 :	49514
	vecunit_sgn.2751 :	49514
	solver_rect_surface.2873 :	48845
	solve_each_element.3011 :	48385
	vecbzero.2741 :	47075
	vecfill.2738 :	47075
	eq_else.9513 :	45416
	eq_cont.9511 :	45416
	get_nvector_second.3043 :	45416
	eq_else.9246 :	45287
	p_surface_ids.2825 :	44053
	solver.2913 :	43445
	veccpy.2743 :	43377
	solve_one_or_network.3015 :	41595
	sgn.2725 :	40231
	get_nvector_rect.3039 :	40206
	eq_else.9460 :	38997
	eq_else.9574 :	38759
	min_caml_print_char :	38749
	eq_cont.9284 :	38450
	eq_else.9457 :	37819
	eq_else.9461 :	37485
	get_surface_id.3098 :	35834
	eq_else.9472 :	33950
	print_int_sub.2721 :	33178
	eq_else.9254 :	32130
	eq_else.9276 :	26521
	eq_else.9346 :	24785
	eq_else.9380 :	24201
	eq_cont.9517 :	24099
	eq_cont.9517 :	24099
	eq_else.9270 :	23671
	solver_rect.2882 :	18660
	eq_else.9347 :	18590
	eq_cont.9342 :	18590
	solver_second.2907 :	18590
	bilinear.2899 :	18590
	trace_or_matrix.3019 :	17880
	create_array_cont :	17373
	create_array_loop :	17373
	eq_else.9328 :	15068
	min_caml_create_float_array :	14992
	eq_else.9516 :	14628
	p_calc_diffuse.2827 :	13911
	p_received_ray_20percent.2831 :	13326
	print_int.2723 :	12291
	write_rgb_element.3116 :	12288
	eq_else.9463 :	12069
	eq_else.9474 :	11920
	eq_else.9466 :	11829
	eq_else.9283 :	11064
	iter_setup_dirvec_constants.2966 :	10836
	setup_startp.2974 :	10722
	eq_else.9415 :	10722
	eq_cont.9477 :	10235
	eq_cont.9477 :	10235
	eq_cont.9477 :	10235
	eq_else.9273 :	9507
	eq_else.9272 :	9507
	trace_reflections.3055 :	9274
	eq_else.9518 :	8939
	eq_else.9468 :	8918
	pretrace_diffuse_rays.3120 :	8733
	eq_cont.9615 :	8329
	eq_cont.9617 :	8329
	p_intersection_points.2823 :	8238
	p_rgb.2821 :	8192
	eq_cont.9519 :	8031
	eq_else.9275 :	7867
	vecadd.2766 :	7780
	eq_else.9520 :	7499
	try_exploit_neighbors.3107 :	7318
	add_light.3051 :	6981
	eq_else.9536 :	6743
	eq_else.9410 :	6622
	eq_else.9329 :	6481
	p_nvectors.2838 :	6374
	eq_else.9470 :	6293
	solver_surface.2888 :	6195
	trace_diffuse_rays.3074 :	6085
	eq_else.9579 :	6085
	trace_ray.3060 :	5960
	eq_else.9483 :	5960
	judge_intersection.3023 :	5960
	eq_else.9476 :	5960
	eq_cont.9467 :	5776
	eq_cont.9467 :	5776
	eq_cont.9467 :	5776
	p_energy.2829 :	5546
	eq_else.9412 :	5418
	eq_cont.9408 :	5418
	eq_cont.9408 :	5418
	eq_cont.9406 :	5418
	setup_second_table.2963 :	5418
	eq_cont.9411 :	4816
	eq_cont.9411 :	4816
	o_reflectiontype.2783 :	4638
	eq_else.9567 :	4637
	eq_else.9565 :	4637
	eq_cont.9564 :	4637
	eq_cont.9564 :	4637
	eq_else.9553 :	4637
	eq_else.9541 :	4637
	eq_cont.9543 :	4637
	eq_cont.9543 :	4637
	eq_cont.9543 :	4637
	r_dvec.2846 :	4637
	o_hilight.2805 :	4637
	reduction_2pi_sub.2676 :	4339
	neighbors_are_available.3101 :	4318
	eq_else.9334 :	4290
	add_mod5.2730 :	4220
	scan_pixel.3134 :	4160
	pretrace_pixels.3123 :	4160
	eq_else.9629 :	4096
	eq_else.9619 :	4096
	write_rgb.3118 :	4096
	neighbors_exist.3094 :	4096
	p_set_group_id.2835 :	4096
	eq_else.9599 :	4032
	eq_else.9600 :	3968
	eq_else.9614 :	3959
	fsgn.2679 :	3919
	eq_else.9601 :	3906
	eq_else.9631 :	3844
	eq_else.9602 :	3844
	pow_upper.2673 :	3676
	eq_cont.9400 :	3612
	eq_cont.9398 :	3612
	eq_cont.9396 :	3612
	setup_rect_table.2957 :	3612
	p_group_id.2833 :	3601
	eq_else.9538 :	3581
	eq_else.9609 :	3474
	eq_else.9277 :	3361
	eq_else.9331 :	3257
	eq_else.9608 :	3000
	eq_else.9343 :	2983
	reduction_2pi.2683 :	2919
	eq_else.9259 :	2919
	eq_else.9257 :	2919
	eq_else.9256 :	2919
	eq_else.9542 :	2816
	r_surface_id.2844 :	2816
	eq_else.9620 :	2773
	eq_else.9569 :	2773
	eq_cont.9562 :	2773
	vecaccumv.2775 :	2773
	vecscale.2772 :	2773
	eq_cont.9547 :	2582
	eq_cont.9547 :	2582
	r_bright.2848 :	2582
	eq_else.9464 :	2366
	eq_cont.9345 :	2294
	do_without_neighbors.3091 :	2259
	create_array_exit :	1985
	min_caml_create_array :	1985
	eq_else.9610 :	1945
	calc_diffuse_using_5points.3085 :	1945
	eq_else.9330 :	1939
	sin.2704 :	1915
	sin_sub1.2701 :	1915
	sin_sub2.2698 :	1915
	sin_sub3.2695 :	1915
	eq_cont.9621 :	1864
	eq_else.9561 :	1864
	eq_else.9480 :	1685
	eq_else.9478 :	1685
	eq_cont.9611 :	1529
	eq_else.9262 :	1487
	kernel_sin.2691 :	1482
	kernel_cos.2693 :	1437
	eq_else.9261 :	1432
	eq_else.9554 :	1323
	eq_else.9332 :	1285
	setup_surface_table.2960 :	1204
	eq_else.9594 :	1096
	cos.2715 :	1004
	eq_else.9266 :	1004
	cos_sub1.2712 :	1004
	eq_else.9265 :	1004
	cos_sub2.2709 :	1004
	cos_sub3.2706 :	1004
	adjust_position.3157 :	1000
	tan.3155 :	1000
	atan.2719 :	1000
	kernel_atan.2717 :	1000
	eq_else.9595 :	828
	calc_diffuse_using_1point.3082 :	828
	trace_diffuse_ray_80percent.3078 :	828
	create_float5x3array.3146 :	768
	eq_else.9260 :	731
	eq_else.9258 :	710
	eq_else.9344 :	689
	eq_else.9589 :	668
	eq_else.9583 :	665
	eq_else.9591 :	662
	eq_else.9587 :	662
	eq_else.9585 :	655
	init_dirvec_constants.3184 :	605
	eq_else.9402 :	603
	setup_dirvec_constants.2969 :	602
	eq_else.9409 :	602
	create_dirvec.3177 :	601
	eq_cont.9403 :	601
	create_dirvec_elements.3179 :	600
	calc_dirvec.3160 :	600
	eq_else.9557 :	511
	eq_else.9640 :	500
	eq_else.9269 :	456
	rev_sgn.2681 :	428
	eq_else.9603 :	369
	eq_cont.9596 :	335
	eq_else.9604 :	303
	eq_else.9264 :	298
	eq_cont.9632 :	252
	eq_cont.9577 :	249
	eq_cont.9537 :	238
	min_caml_read_float :	212
	init_line_elements.3150 :	192
	create_pixel.3148 :	192
	eq_cont.9586 :	173
	eq_cont.9588 :	166
	eq_cont.9584 :	163
	eq_cont.9590 :	160
	min_caml_read_int :	113
	eq_else.9605 :	94
	eq_else.9606 :	78
	scan_line.3140 :	65
	eq_else.9633 :	64
	pretrace_line.3130 :	64
	eq_else.9624 :	64
	eq_else.9635 :	63
	calc_dirvecs.3168 :	60
	read_net_item.2865 :	43
	eq_else.9318 :	29
	eq_else.9314 :	18
	read_object.2861 :	18
	read_nth_object.2859 :	18
	eq_else.9316 :	17
	eq_cont.9313 :	17
	eq_cont.9301 :	17
	eq_cont.9301 :	17
	eq_cont.9301 :	17
	eq_cont.9297 :	17
	eq_else.9295 :	17
	eq_else.9298 :	15
	calc_dirvec_rows.3173 :	11
	read_and_network.2869 :	11
	eq_else.9647 :	10
	eq_else.9320 :	10
	eq_cont.9307 :	9
	eq_cont.9305 :	9
	eq_else.9300 :	8
	eq_cont.9303 :	7
	init_vecset_constants.3187 :	6
	create_dirvecs.3182 :	6
	eq_else.9655 :	5
	eq_else.9651 :	5
	rad.2850 :	4
	create_pixelline.3153 :	3
	eq_else.9637 :	3
	read_or_network.2867 :	3
	eq_else.9319 :	2
	eq_cont.9311 :	2
	eq_else.9302 :	2
	eq_cont.9299 :	2
	Exit :	1
	Main :	1
	rt.3206 :	1
	eq_else.9669 :	1
	eq_else.9667 :	1
	setup_reflections.3204 :	1
	setup_surface_reflection.3201 :	1
	add_reflection.3191 :	1
	init_dirvecs.3189 :	1
	eq_else.9657 :	1
	eq_else.9653 :	1
	eq_else.9649 :	1
	eq_cont.9636 :	1
	write_ppm_header.3114 :	1
	read_parameter.2871 :	1
	read_all_object.2863 :	1
	read_light.2854 :	1
	read_screen_settings.2852 :	1
	min_caml_print_float :	0
	floor_ceil :	0
	floor_neg :	0
	floor_main :	0
	floor_exp_zero_neg_just :	0
	floor_exp_zero_neg :	0
	floor_exp_zero :	0
	floor_tiny_neg :	0
	floor_tiny :	0
	floor_end :	0
	min_caml_floor :	0
	eq_else.9665 :	0
	eq_else.9666 :	0
	eq_else.9670 :	0
	setup_rect_reflection.3198 :	0
	eq_else.9618 :	0
	eq_else.9616 :	0
	eq_else.9607 :	0
	eq_else.9593 :	0
	eq_else.9550 :	0
	eq_cont.9568 :	0
	eq_cont.9533 :	0
	eq_else.9532 :	0
	eq_cont.9531 :	0
	eq_else.9530 :	0
	eq_cont.9529 :	0
	eq_else.9528 :	0
	eq_else.9510 :	0
	eq_else.9433 :	0
	eq_else.9429 :	0
	eq_else.9405 :	0
	eq_else.9399 :	0
	eq_else.9397 :	0
	eq_else.9395 :	0
	eq_else.9387 :	0
	eq_else.9375 :	0
	eq_else.9377 :	0
	eq_else.9368 :	0
	eq_else.9361 :	0
	eq_else.9354 :	0
	eq_else.9340 :	0
	eq_else.9341 :	0
	eq_else.9338 :	0
	eq_else.9336 :	0
	eq_else.9326 :	0
	eq_else.9312 :	0
	eq_else.9310 :	0
	eq_else.9306 :	0
	eq_else.9304 :	0
	eq_else.9296 :	0
	rotate_quadratic_matrix.2856 :	0
	o_param_r3.2817 :	0
	o_param_r2.2815 :	0
	o_param_r1.2813 :	0
	eq_else.9281 :	0
	eq_else.9274 :	0
	eq_else.9268 :	0
	fhalf.2636 :	0
	Init :	0
inst times
	LW :	507507883
	ADDI :	351385402
	SW :	307488655
	ORI :	275865802
	LF :	236989740
	ADD_OR_MOV :	218090416
	JR_OR_JALR :	151568970
	BNE :	149271057
	SLLI_OR_NOP :	126856536
	JAL :	112523542
	SF :	110514638
	FMUL :	97511156
	FSUB :	88860798
	J :	43079934
	FDIV :	29990664
	SLTF :	25066438
	MOVF :	23916295
	FADD :	19521550
	FNEG :	6090081
	SLT :	988166
	MUL :	141168
	SUB :	103315
	OUTB :	38749
	DIV :	23673
	INF :	212
	IN :	113
	OUTF :	0
	OUT :	0
	INB :	0
	BEQ :	0
	BC :	0
	MOD :	0
	SB :	0
	LB :	0
	SQRT :	0
	SLL :	0
	SRL :	0
	SRA :	0
	SRLI :	0
	SRAI :	0
	XORI :	0
	XOR :	0
	NOR :	0
	OR :	0
	ANDI :	0
	AND :	0
